
> @sheetbrain/backend@0.1.0 prebuild C:\Users\Administrateur\Desktop\SheetBrain-AI\backend
> pnpm --filter @sheetbrain/shared build


> @sheetbrain/shared@0.1.0 build C:\Users\Administrateur\Desktop\SheetBrain-AI\shared
> tsc


> @sheetbrain/backend@0.1.0 build C:\Users\Administrateur\Desktop\SheetBrain-AI\backend
> next build

   Ôû▓ Next.js 15.5.9
   - Environments: .env.local

   Creating an optimized production build ...
node.exe :  ÔÜá Compiled with warnings in 7.2s
Au caractère C:\Users\Administrateur\AppData\Roaming\npm\pnpm.ps1:24 : 5
+     & "node$exe"  "$basedir/node_modules/pnpm/bin/pnpm.cjs" $args
+     ~~~~~~~~~~~~~~~~~~~~~~~~~~~~~~~~~~~~~~~~~~~~~~~~~~~~~~~~~~~~~
    + CategoryInfo          : NotSpecified: ( ÔÜá Compiled with warnings in 7.2s:String) [], RemoteException
    + FullyQualifiedErrorId : NativeCommandError
 

../node_modules/.pnpm/require-in-the-middle@8.0.1/node_modules/require-in-the-middle/index.js
Critical dependency: require function is used in a way in which dependencies cannot be statically extracted

Import trace for requested module:
../node_modules/.pnpm/require-in-the-middle@8.0.1/node_modules/require-in-the-middle/index.js
../node_modules/.pnpm/@opentelemetry+instrumentat_6afa3aa63a1ee1e91372360a2d45582d/node_modules/@opentelemetry/ins
trumentation/build/esm/platform/node/instrumentation.js
../node_modules/.pnpm/@opentelemetry+instrumentat_6afa3aa63a1ee1e91372360a2d45582d/node_modules/@opentelemetry/ins
trumentation/build/esm/platform/node/index.js
../node_modules/.pnpm/@opentelemetry+instrumentat_6afa3aa63a1ee1e91372360a2d45582d/node_modules/@opentelemetry/ins
trumentation/build/esm/platform/index.js
../node_modules/.pnpm/@opentelemetry+instrumentat_6afa3aa63a1ee1e91372360a2d45582d/node_modules/@opentelemetry/ins
trumentation/build/esm/index.js
../node_modules/.pnpm/@sentry+node@10.32.1/node_modules/@sentry/node/build/cjs/integrations/tracing/postgresjs.js
../node_modules/.pnpm/@sentry+node@10.32.1/node_modules/@sentry/node/build/cjs/index.js
../node_modules/.pnpm/@sentry+nextjs@10.32.1_@ope_bdb0fe1e3bccfb93c95bfe6057619899/node_modules/@sentry/nextjs/bui
ld/cjs/index.server.js
./src/lib/monitoring/sentry.ts

../node_modules/.pnpm/require-in-the-middle@8.0.1/node_modules/require-in-the-middle/index.js
Critical dependency: require function is used in a way in which dependencies cannot be statically extracted

Import trace for requested module:
../node_modules/.pnpm/require-in-the-middle@8.0.1/node_modules/require-in-the-middle/index.js
../node_modules/.pnpm/@opentelemetry+instrumentat_6afa3aa63a1ee1e91372360a2d45582d/node_modules/@opentelemetry/ins
trumentation/build/esm/platform/node/instrumentation.js
../node_modules/.pnpm/@opentelemetry+instrumentat_6afa3aa63a1ee1e91372360a2d45582d/node_modules/@opentelemetry/ins
trumentation/build/esm/platform/node/index.js
../node_modules/.pnpm/@opentelemetry+instrumentat_6afa3aa63a1ee1e91372360a2d45582d/node_modules/@opentelemetry/ins
trumentation/build/esm/platform/index.js
../node_modules/.pnpm/@opentelemetry+instrumentat_6afa3aa63a1ee1e91372360a2d45582d/node_modules/@opentelemetry/ins
trumentation/build/esm/index.js
../node_modules/.pnpm/@sentry+node@10.32.1/node_modules/@sentry/node/build/cjs/integrations/tracing/postgresjs.js
../node_modules/.pnpm/@sentry+node@10.32.1/node_modules/@sentry/node/build/cjs/index.js
../node_modules/.pnpm/@sentry+nextjs@10.32.1_@ope_bdb0fe1e3bccfb93c95bfe6057619899/node_modules/@sentry/nextjs/bui
ld/cjs/index.server.js
./src/lib/monitoring/sentry.ts
./src/lib/monitoring/index.ts
./src/app/api/audit/route.ts

 Ô£ô Compiled successfully in 9.7s
   Skipping linting
   Checking validity of types ...
Failed to compile.

./src/app/api/audit/route.ts:259:51
Type error: No overload matches this call.
  Overload 1 of 2, '(values: never, options?: { count?: "exact" | "planned" | "estimated" | undefined; } | 
undefined): PostgrestFilterBuilder<{ PostgrestVersion: string; }, never, never, null, "audit_logs", never, 
"POST">', gave the following error.
    Argument of type '{ organization_id: any; user_id: any; formula_count: number; compliant_count: number; 
issues_found: number; duration_ms: number; rag_used: boolean; rag_context_count: number; }' is not assignable to 
parameter of type 'never'.
  Overload 2 of 2, '(values: never[], options?: { count?: "exact" | "planned" | "estimated" | undefined; 
defaultToNull?: boolean | undefined; } | undefined): PostgrestFilterBuilder<{ PostgrestVersion: string; }, never, 
never, null, "audit_logs", never, "POST">', gave the following error.
    Object literal may only specify known properties, and 'organization_id' does not exist in type 'never[]'.

[0m [90m 257 |[39m
 [90m 258 |[39m         [36mif[39m (org) {
[31m[1m>[22m[39m[90m 259 |[39m           [36mawait[39m 
supabaseClient[33m.[39m[36mfrom[39m([32m'audit_logs'[39m)[33m.[39minsert({
 [90m     |[39m                                                   [31m[1m^[22m[39m
 [90m 260 |[39m             organization_id[33m:[39m org[33m.[39mid[33m,[39m
 [90m 261 |[39m             user_id[33m:[39m user[33m?[39m[33m.[39mid [33m||[39m 
[36mnull[39m[33m,[39m
 [90m 262 |[39m             formula_count[33m:[39m auditResults[33m.[39mlength[33m,[39m[0m
Next.js build worker exited with code: 1 and signal: null
ÔÇëELIFECYCLEÔÇë Command failed with exit code 1.
